Test_Tlist_Exit_OnlyWindow: pass
Test_Tlist_Exit_OnlyWindow: pass
Test_Tlist_Exit_OnlyWindow: pass
Test_Tlist_Exit_OnlyWindow: pass
Test_Tlist_Exit_OnlyWindow: pass
